../Core/Src/main.c:78:6:delay	16	static
../Core/Src/main.c:85:6:Display_Temp	32	static
../Core/Src/main.c:93:6:Display_Rh	32	static
../Core/Src/main.c:101:6:Set_Pin_Output	40	static
../Core/Src/main.c:110:6:Set_Pin_Input	40	static
../Core/Src/main.c:123:6:DHT11_Start	8	static
../Core/Src/main.c:133:9:DHT11_Check_Response	16	static
../Core/Src/main.c:148:9:DHT11_Read	16	static
../Core/Src/main.c:172:5:main	8	static
../Core/Src/main.c:251:6:SystemClock_Config	88	static
../Core/Src/main.c:297:13:MX_I2C1_Init	8	static
../Core/Src/main.c:331:13:MX_TIM10_Init	8	static
../Core/Src/main.c:362:13:MX_GPIO_Init	40	static
../Core/Src/main.c:397:6:Error_Handler	4	static,ignoring_inline_asm
